cargo :    Compiling boa_engine v1.0.0-dev (C:\images\gsoc\boa\boa\core\engine)
At line:1 char:1
+ cargo build -p boa_engine 2>&1 | tee build_output.txt | Select-String ...
+ ~~~~~~~~~~~~~~~~~~~~~~~~~~~~~~
    + CategoryInfo          : NotSpecified: (   Compiling bo...oa\core\engine) 
   :String) [], RemoteException
    + FullyQualifiedErrorId : NativeCommandError
 
    Finished `dev` profile [unoptimized + debuginfo] target(s) in 5.38s
