cargo :     Checking boa_parser v1.0.0-dev 
(C:\Users\LENOVO\OneDrive\Desktop\boa\core\parser)
At line:1 char:1
+ cargo check -p boa_parser --all-features 2>&1 | Out-File 
-FilePath co ...
+ ~~~~~~~~~~~~~~~~~~~~~~~~~~~~~~~~~~~~~~~~~~~~~
    + CategoryInfo          : NotSpecified: (    Checking b 
   o...oa\core\parser):String) [], RemoteException
    + FullyQualifiedErrorId : NativeCommandError
 
warning: method `parenthesized_depth` is never used
  --> core\parser\src\parser\cursor\mod.rs:83:25
   |
46 | / impl<R> Cursor<R>
47 | | where
48 | |     R: ReadChar,
   | |________________- method in this implementation
...
83 |       pub(super) const fn parenthesized_depth(&self) 
-> u32 {
   |                           ^^^^^^^^^^^^^^^^^^^
   |
   = note: `-W dead-code` implied by `-W unused`
   = help: to override `-W unused` add `#[allow(dead_code)]`

warning: `boa_parser` (lib) generated 1 warning
    Finished `dev` profile [unoptimized + debuginfo] 
target(s) in 2.01s
