cargo :  Downloading crates ...
At line:1 char:1
+ cargo test --manifest-path core/engine/Cargo.toml --test builtins > t ...
+ ~~~~~~~~~~~~~~~~~~~~~~~~~~~~~~~~~~~~~~~~~~~~~~~~~~~~~~~~~~~~~~~~~~~~~
    + CategoryInfo          : NotSpecified: ( Downloading crates ...:String) [], RemoteException
    + FullyQualifiedErrorId : NativeCommandError
 
  Downloaded anstyle v1.0.14
error: no test target named `builtins` in default-run packages
help: available test targets:
    gcd
    imports
    macros
    module
