---
source: tests/insta-bytecode/src/lib.rs
expression: output
input_file: tests/insta-bytecode/scripts/try-finally.js
---
-------------------------- Compiled Output: '<main>' ---------------------------
Location     Handler      Opcode                            Operands
  000000                    StoreZero                         dst:r01
  000005                    PutLexicalValue                   src:r01, binding_index:0
  00000e                    StoreZero                         dst:r02
  000013                    StoreInt8                         value:5, dst:r03
  000019                    Jump                              address:000028
  00001e                    IncrementLoopIteration            
  00001f                    Inc                               src:r02, dst:r02
  000028                    JumpIfNotLessThan                 lhs:r02, rhs:r03, address:000159
  000035                    StoreTrue                         dst:r04
  00003a                    StoreZero                         dst:r05
  00003f    > 0: 0000bc     Move                              src:r02, dst:r07
  000048      0: 0000bc     StoreInt8                         value:2, dst:r08
  00004e      0: 0000bc     StrictEq                          lhs:r07, rhs:r08, dst:r06
  00005b      0: 0000bc     JumpIfFalse                       value:r06, address:000078
  000064      0: 0000bc     StoreFalse                        dst:r04
  000069      0: 0000bc     StoreOne                          dst:r05
  00006e      0: 0000bc     Jump                              address:0000cb
  000073      0: 0000bc     Jump                              address:000078
  000078      0: 0000bc     Move                              src:r02, dst:r07
  000081      0: 0000bc     StoreInt8                         value:4, dst:r08
  000087      0: 0000bc     StrictEq                          lhs:r07, rhs:r08, dst:r06
  000094      0: 0000bc     JumpIfFalse                       value:r06, address:0000b2
  00009d      0: 0000bc     StoreFalse                        dst:r04
  0000a2      0: 0000bc     StoreInt8                         value:2, dst:r05
  0000a8      0: 0000bc     Jump                              address:0000cb
  0000ad      0: 0000bc     Jump                              address:0000b2
  0000b2      0: 0000bc     StoreFalse                        dst:r04
  0000b7    < 0: 0000bc     Jump                              address:0000cb
  0000bc    > 1: 0000cb     Exception                         dst:r06
  0000c1      1: 0000cb     StoreTrue                         dst:r04
  0000c6    < 1: 0000cb     Jump                              address:0000cb
  0000cb                    SetRegisterFromAccumulator        dst:r07
  0000d0                    GetName                           dst:r08, binding_index:0
  0000d9                    Move                              src:r02, dst:r09
  0000e2                    Add                               lhs:r08, rhs:r09, dst:r08
  0000ef                    SetName                           src:r08, binding_index:0
  0000f8                    SetAccumulator                    src:r07
  0000fd                    JumpIfFalse                       value:r04, address:00010b
  000106                    Throw                             src:r06
  00010b                    JumpTable                         index:5, jump_table:(00012f, 000125, 00012a)
  000120                    Jump                              address:00012f
  000125                    Jump                              address:00001e
  00012a                    Jump                              address:000159
  00012f                    GetName                           dst:r04, binding_index:0
  000138                    StoreInt8                         value:100, dst:r05
  00013e                    Add                               lhs:r04, rhs:r05, dst:r04
  00014b                    SetName                           src:r04, binding_index:0
  000154                    Jump                              address:00001e
  000159                    GetName                           dst:r03, binding_index:0
  000162                    SetAccumulator                    src:r03
  000167                    CheckReturn                       
  000168                    Return                            

Register Count: 10, Flags: CodeBlockFlags(HAS_PROTOTYPE_PROPERTY)
Constants:
    0000: [STRING] "total"
Bindings:
    0000: total, scope: GlobalDeclarative
Handlers:
    0000: Range: [00003f, 0000bc): Handler: 0000bc, Environment: 00
    0001: Range: [0000bc, 0000cb): Handler: 0000cb, Environment: 00
Source Map:
    0000: 31..208: (7, 24)
    0001: 208..303: (12, 5)
    0002: 303..340: (14, 3)
