---
source: tests/insta-bytecode/src/lib.rs
expression: output
---
---------------------------Compiled Output: '<main>'----------------------------
Location     Handler      Opcode                            Operands
  000000                    PushZero                          dst:r02
  000005                    Jump                              address:000014
  00000a                    IncrementLoopIteration            
  00000b                    Inc                               src:r02, dst:r02
  000014                    PushInt8                          value:100, dst:r03
  00001a                    JumpIfNotLessThan                 lhs:r02, rhs:r03, address:00002c
  000027                    Jump                              address:00000a
  00002c                    CheckReturn                       
  00002d                    Return                            

Register Count: 4, Flags: CodeBlockFlags(HAS_PROTOTYPE_PROPERTY)
Constants: <empty>
Bindings: <empty>
Handlers: <empty>
Source Map:
    0000: 11..20: (2, 26)

------------------------------------ Call Frame -- <main> ------------------------------------
Time          Opcode                     Operands                   Stack

[time]           PushZero                   dst:r02                    [ undefined, 0, undefined, undefined, null, undefined |1| ]
[time]           Jump                       address:000014             [ undefined, 0, undefined, undefined, null, undefined |1| ]
[time]           PushInt8                   value:100, dst:r03         [ 100, 0, undefined, undefined, null, undefined |1| ]
[time]           JumpIfNotLessThan          lhs:r02, rhs:r03, address:00002c [ 100, 0, undefined, undefined, null, undefined |1| ]
[time]           Jump                       address:00000a             [ 100, 0, undefined, undefined, null, undefined |1| ]
[time]           IncrementLoopIteration                                [ 100, 0, undefined, undefined, null, undefined |1| ]
[time]           Inc                        src:r02, dst:r02           [ 100, 1, undefined, undefined, null, undefined |1| ]
[time]           PushInt8                   value:100, dst:r03         [ 100, 1, undefined, undefined, null, undefined |1| ]
[time]           JumpIfNotLessThan          lhs:r02, rhs:r03, address:00002c [ 100, 1, undefined, undefined, null, undefined |1| ]
[time]           Jump                       address:00000a             [ 100, 1, undefined, undefined, null, undefined |1| ]
[time]           IncrementLoopIteration                                [ 100, 1, undefined, undefined, null, undefined |1| ]
[time]           Inc                        src:r02, dst:r02           [ 100, 2, undefined, undefined, null, undefined |1| ]
[time]           PushInt8                   value:100, dst:r03         [ 100, 2, undefined, undefined, null, undefined |1| ]
[time]           JumpIfNotLessThan          lhs:r02, rhs:r03, address:00002c [ 100, 2, undefined, undefined, null, undefined |1| ]
[time]           Jump                       address:00000a             [ 100, 2, undefined, undefined, null, undefined |1| ]
[time]           IncrementLoopIteration                                [ 100, 2, undefined, undefined, null, undefined |1| ]
[time]           Inc                        src:r02, dst:r02           [ 100, 3, undefined, undefined, null, undefined |1| ]
[time]           PushInt8                   value:100, dst:r03         [ 100, 3, undefined, undefined, null, undefined |1| ]
[time]           JumpIfNotLessThan          lhs:r02, rhs:r03, address:00002c [ 100, 3, undefined, undefined, null, undefined |1| ]
[time]           Jump                       address:00000a             [ 100, 3, undefined, undefined, null, undefined |1| ]
[time]           IncrementLoopIteration                                [ 100, 3, undefined, undefined, null, undefined |1| ]
[time]           Inc                        src:r02, dst:r02           [ 100, 4, undefined, undefined, null, undefined |1| ]
[time]           PushInt8                   value:100, dst:r03         [ 100, 4, undefined, undefined, null, undefined |1| ]
[time]           JumpIfNotLessThan          lhs:r02, rhs:r03, address:00002c [ 100, 4, undefined, undefined, null, undefined |1| ]
[time]           Jump                       address:00000a             [ 100, 4, undefined, undefined, null, undefined |1| ]
[time]           IncrementLoopIteration                                [ 100, 4, undefined, undefined, null, undefined |1| ]
[time]           Inc                        src:r02, dst:r02           [ 100, 5, undefined, undefined, null, undefined |1| ]
[time]           PushInt8                   value:100, dst:r03         [ 100, 5, undefined, undefined, null, undefined |1| ]
[time]           JumpIfNotLessThan          lhs:r02, rhs:r03, address:00002c [ 100, 5, undefined, undefined, null, undefined |1| ]
[time]           Jump                       address:00000a             [ 100, 5, undefined, undefined, null, undefined |1| ]
[time]           IncrementLoopIteration                                [ 100, 5, undefined, undefined, null, undefined |1| ]
[time]           Inc                        src:r02, dst:r02           [ 100, 6, undefined, undefined, null, undefined |1| ]
[time]           PushInt8                   value:100, dst:r03         [ 100, 6, undefined, undefined, null, undefined |1| ]
[time]           JumpIfNotLessThan          lhs:r02, rhs:r03, address:00002c [ 100, 6, undefined, undefined, null, undefined |1| ]
[time]           Jump                       address:00000a             [ 100, 6, undefined, undefined, null, undefined |1| ]
[time]           IncrementLoopIteration                                [ 100, 6, undefined, undefined, null, undefined |1| ]
[time]           Inc                        src:r02, dst:r02           [ 100, 7, undefined, undefined, null, undefined |1| ]
[time]           PushInt8                   value:100, dst:r03         [ 100, 7, undefined, undefined, null, undefined |1| ]
[time]           JumpIfNotLessThan          lhs:r02, rhs:r03, address:00002c [ 100, 7, undefined, undefined, null, undefined |1| ]
[time]           Jump                       address:00000a             [ 100, 7, undefined, undefined, null, undefined |1| ]
[time]           IncrementLoopIteration                                [ 100, 7, undefined, undefined, null, undefined |1| ]
[time]           Inc                        src:r02, dst:r02           [ 100, 8, undefined, undefined, null, undefined |1| ]
[time]           PushInt8                   value:100, dst:r03         [ 100, 8, undefined, undefined, null, undefined |1| ]
[time]           JumpIfNotLessThan          lhs:r02, rhs:r03, address:00002c [ 100, 8, undefined, undefined, null, undefined |1| ]
[time]           Jump                       address:00000a             [ 100, 8, undefined, undefined, null, undefined |1| ]
[time]           IncrementLoopIteration                                [ 100, 8, undefined, undefined, null, undefined |1| ]
[time]           Inc                        src:r02, dst:r02           [ 100, 9, undefined, undefined, null, undefined |1| ]
[time]           PushInt8                   value:100, dst:r03         [ 100, 9, undefined, undefined, null, undefined |1| ]
[time]           JumpIfNotLessThan          lhs:r02, rhs:r03, address:00002c [ 100, 9, undefined, undefined, null, undefined |1| ]
[time]           Jump                       address:00000a             [ 100, 9, undefined, undefined, null, undefined |1| ]
[time]           IncrementLoopIteration                                [ 100, 9, undefined, undefined, null, undefined |1| ]
[time]           Inc                        src:r02, dst:r02           [ 100, 10, undefined, undefined, null, undefined |1| ]
[time]           PushInt8                   value:100, dst:r03         [ 100, 10, undefined, undefined, null, undefined |1| ]
[time]           JumpIfNotLessThan          lhs:r02, rhs:r03, address:00002c [ 100, 10, undefined, undefined, null, undefined |1| ]
[time]           Jump                       address:00000a             [ 100, 10, undefined, undefined, null, undefined |1| ]
[time]           IncrementLoopIteration                                [ 100, 10, undefined, undefined, null, undefined |1| ]
[time]           Inc                        src:r02, dst:r02           [ 100, 11, undefined, undefined, null, undefined |1| ]
[time]           PushInt8                   value:100, dst:r03         [ 100, 11, undefined, undefined, null, undefined |1| ]
[time]           JumpIfNotLessThan          lhs:r02, rhs:r03, address:00002c [ 100, 11, undefined, undefined, null, undefined |1| ]
[time]           Jump                       address:00000a             [ 100, 11, undefined, undefined, null, undefined |1| ]
[time]           IncrementLoopIteration                                [ 100, 11, undefined, undefined, null, undefined |1| ]
[time]           Inc                        src:r02, dst:r02           [ 100, 12, undefined, undefined, null, undefined |1| ]
[time]           PushInt8                   value:100, dst:r03         [ 100, 12, undefined, undefined, null, undefined |1| ]
[time]           JumpIfNotLessThan          lhs:r02, rhs:r03, address:00002c [ 100, 12, undefined, undefined, null, undefined |1| ]
[time]           Jump                       address:00000a             [ 100, 12, undefined, undefined, null, undefined |1| ]
[time]           IncrementLoopIteration                                [ 100, 12, undefined, undefined, null, undefined |1| ]
[time]           Inc                        src:r02, dst:r02           [ 100, 13, undefined, undefined, null, undefined |1| ]
[time]           PushInt8                   value:100, dst:r03         [ 100, 13, undefined, undefined, null, undefined |1| ]
[time]           JumpIfNotLessThan          lhs:r02, rhs:r03, address:00002c [ 100, 13, undefined, undefined, null, undefined |1| ]
[time]           Jump                       address:00000a             [ 100, 13, undefined, undefined, null, undefined |1| ]
[time]           IncrementLoopIteration                                [ 100, 13, undefined, undefined, null, undefined |1| ]
[time]           Inc                        src:r02, dst:r02           [ 100, 14, undefined, undefined, null, undefined |1| ]
[time]           PushInt8                   value:100, dst:r03         [ 100, 14, undefined, undefined, null, undefined |1| ]
[time]           JumpIfNotLessThan          lhs:r02, rhs:r03, address:00002c [ 100, 14, undefined, undefined, null, undefined |1| ]
[time]           Jump                       address:00000a             [ 100, 14, undefined, undefined, null, undefined |1| ]
[time]           IncrementLoopIteration                                [ 100, 14, undefined, undefined, null, undefined |1| ]
[time]           Inc                        src:r02, dst:r02           [ 100, 15, undefined, undefined, null, undefined |1| ]
[time]           PushInt8                   value:100, dst:r03         [ 100, 15, undefined, undefined, null, undefined |1| ]
[time]           JumpIfNotLessThan          lhs:r02, rhs:r03, address:00002c [ 100, 15, undefined, undefined, null, undefined |1| ]
[time]           Jump                       address:00000a             [ 100, 15, undefined, undefined, null, undefined |1| ]
[time]           IncrementLoopIteration                                [ 100, 15, undefined, undefined, null, undefined |1| ]
[time]           Inc                        src:r02, dst:r02           [ 100, 16, undefined, undefined, null, undefined |1| ]
[time]           PushInt8                   value:100, dst:r03         [ 100, 16, undefined, undefined, null, undefined |1| ]
[time]           JumpIfNotLessThan          lhs:r02, rhs:r03, address:00002c [ 100, 16, undefined, undefined, null, undefined |1| ]
[time]           Jump                       address:00000a             [ 100, 16, undefined, undefined, null, undefined |1| ]
[time]           IncrementLoopIteration                                [ 100, 16, undefined, undefined, null, undefined |1| ]
[time]           Inc                        src:r02, dst:r02           [ 100, 17, undefined, undefined, null, undefined |1| ]
[time]           PushInt8                   value:100, dst:r03         [ 100, 17, undefined, undefined, null, undefined |1| ]
[time]           JumpIfNotLessThan          lhs:r02, rhs:r03, address:00002c [ 100, 17, undefined, undefined, null, undefined |1| ]
[time]           Jump                       address:00000a             [ 100, 17, undefined, undefined, null, undefined |1| ]
[time]           IncrementLoopIteration                                [ 100, 17, undefined, undefined, null, undefined |1| ]
[time]           Inc                        src:r02, dst:r02           [ 100, 18, undefined, undefined, null, undefined |1| ]
[time]           PushInt8                   value:100, dst:r03         [ 100, 18, undefined, undefined, null, undefined |1| ]
[time]           JumpIfNotLessThan          lhs:r02, rhs:r03, address:00002c [ 100, 18, undefined, undefined, null, undefined |1| ]
[time]           Jump                       address:00000a             [ 100, 18, undefined, undefined, null, undefined |1| ]
[time]           IncrementLoopIteration                                [ 100, 18, undefined, undefined, null, undefined |1| ]
[time]           Inc                        src:r02, dst:r02           [ 100, 19, undefined, undefined, null, undefined |1| ]
[time]           PushInt8                   value:100, dst:r03         [ 100, 19, undefined, undefined, null, undefined |1| ]
[time]           JumpIfNotLessThan          lhs:r02, rhs:r03, address:00002c [ 100, 19, undefined, undefined, null, undefined |1| ]
[time]           Jump                       address:00000a             [ 100, 19, undefined, undefined, null, undefined |1| ]
[time]           IncrementLoopIteration                                [ 100, 19, undefined, undefined, null, undefined |1| ]
[time]           Inc                        src:r02, dst:r02           [ 100, 20, undefined, undefined, null, undefined |1| ]
[time]           PushInt8                   value:100, dst:r03         [ 100, 20, undefined, undefined, null, undefined |1| ]
[time]           JumpIfNotLessThan          lhs:r02, rhs:r03, address:00002c [ 100, 20, undefined, undefined, null, undefined |1| ]
[time]           Jump                       address:00000a             [ 100, 20, undefined, undefined, null, undefined |1| ]
[time]           IncrementLoopIteration                                [ 100, 20, undefined, undefined, null, undefined |1| ]
[time]           Inc                        src:r02, dst:r02           [ 100, 21, undefined, undefined, null, undefined |1| ]
[time]           PushInt8                   value:100, dst:r03         [ 100, 21, undefined, undefined, null, undefined |1| ]
[time]           JumpIfNotLessThan          lhs:r02, rhs:r03, address:00002c [ 100, 21, undefined, undefined, null, undefined |1| ]
[time]           Jump                       address:00000a             [ 100, 21, undefined, undefined, null, undefined |1| ]
[time]           IncrementLoopIteration                                [ 100, 21, undefined, undefined, null, undefined |1| ]
[time]           Inc                        src:r02, dst:r02           [ 100, 22, undefined, undefined, null, undefined |1| ]
[time]           PushInt8                   value:100, dst:r03         [ 100, 22, undefined, undefined, null, undefined |1| ]
[time]           JumpIfNotLessThan          lhs:r02, rhs:r03, address:00002c [ 100, 22, undefined, undefined, null, undefined |1| ]
[time]           Jump                       address:00000a             [ 100, 22, undefined, undefined, null, undefined |1| ]
[time]           IncrementLoopIteration                                [ 100, 22, undefined, undefined, null, undefined |1| ]
[time]           Inc                        src:r02, dst:r02           [ 100, 23, undefined, undefined, null, undefined |1| ]
[time]           PushInt8                   value:100, dst:r03         [ 100, 23, undefined, undefined, null, undefined |1| ]
[time]           JumpIfNotLessThan          lhs:r02, rhs:r03, address:00002c [ 100, 23, undefined, undefined, null, undefined |1| ]
[time]           Jump                       address:00000a             [ 100, 23, undefined, undefined, null, undefined |1| ]
[time]           IncrementLoopIteration                                [ 100, 23, undefined, undefined, null, undefined |1| ]
[time]           Inc                        src:r02, dst:r02           [ 100, 24, undefined, undefined, null, undefined |1| ]
[time]           PushInt8                   value:100, dst:r03         [ 100, 24, undefined, undefined, null, undefined |1| ]
[time]           JumpIfNotLessThan          lhs:r02, rhs:r03, address:00002c [ 100, 24, undefined, undefined, null, undefined |1| ]
[time]           Jump                       address:00000a             [ 100, 24, undefined, undefined, null, undefined |1| ]
[time]           IncrementLoopIteration                                [ 100, 24, undefined, undefined, null, undefined |1| ]
[time]           Inc                        src:r02, dst:r02           [ 100, 25, undefined, undefined, null, undefined |1| ]
[time]           PushInt8                   value:100, dst:r03         [ 100, 25, undefined, undefined, null, undefined |1| ]
[time]           JumpIfNotLessThan          lhs:r02, rhs:r03, address:00002c [ 100, 25, undefined, undefined, null, undefined |1| ]
[time]           Jump                       address:00000a             [ 100, 25, undefined, undefined, null, undefined |1| ]
[time]           IncrementLoopIteration                                [ 100, 25, undefined, undefined, null, undefined |1| ]
[time]           Inc                        src:r02, dst:r02           [ 100, 26, undefined, undefined, null, undefined |1| ]
[time]           PushInt8                   value:100, dst:r03         [ 100, 26, undefined, undefined, null, undefined |1| ]
[time]           JumpIfNotLessThan          lhs:r02, rhs:r03, address:00002c [ 100, 26, undefined, undefined, null, undefined |1| ]
[time]           Jump                       address:00000a             [ 100, 26, undefined, undefined, null, undefined |1| ]
[time]           IncrementLoopIteration                                [ 100, 26, undefined, undefined, null, undefined |1| ]
[time]           Inc                        src:r02, dst:r02           [ 100, 27, undefined, undefined, null, undefined |1| ]
[time]           PushInt8                   value:100, dst:r03         [ 100, 27, undefined, undefined, null, undefined |1| ]
[time]           JumpIfNotLessThan          lhs:r02, rhs:r03, address:00002c [ 100, 27, undefined, undefined, null, undefined |1| ]
[time]           Jump                       address:00000a             [ 100, 27, undefined, undefined, null, undefined |1| ]
[time]           IncrementLoopIteration                                [ 100, 27, undefined, undefined, null, undefined |1| ]
[time]           Inc                        src:r02, dst:r02           [ 100, 28, undefined, undefined, null, undefined |1| ]
[time]           PushInt8                   value:100, dst:r03         [ 100, 28, undefined, undefined, null, undefined |1| ]
[time]           JumpIfNotLessThan          lhs:r02, rhs:r03, address:00002c [ 100, 28, undefined, undefined, null, undefined |1| ]
[time]           Jump                       address:00000a             [ 100, 28, undefined, undefined, null, undefined |1| ]
[time]           IncrementLoopIteration                                [ 100, 28, undefined, undefined, null, undefined |1| ]
[time]           Inc                        src:r02, dst:r02           [ 100, 29, undefined, undefined, null, undefined |1| ]
[time]           PushInt8                   value:100, dst:r03         [ 100, 29, undefined, undefined, null, undefined |1| ]
[time]           JumpIfNotLessThan          lhs:r02, rhs:r03, address:00002c [ 100, 29, undefined, undefined, null, undefined |1| ]
[time]           Jump                       address:00000a             [ 100, 29, undefined, undefined, null, undefined |1| ]
[time]           IncrementLoopIteration                                [ 100, 29, undefined, undefined, null, undefined |1| ]
[time]           Inc                        src:r02, dst:r02           [ 100, 30, undefined, undefined, null, undefined |1| ]
[time]           PushInt8                   value:100, dst:r03         [ 100, 30, undefined, undefined, null, undefined |1| ]
[time]           JumpIfNotLessThan          lhs:r02, rhs:r03, address:00002c [ 100, 30, undefined, undefined, null, undefined |1| ]
[time]           Jump                       address:00000a             [ 100, 30, undefined, undefined, null, undefined |1| ]
[time]           IncrementLoopIteration                                [ 100, 30, undefined, undefined, null, undefined |1| ]
[time]           Inc                        src:r02, dst:r02           [ 100, 31, undefined, undefined, null, undefined |1| ]
[time]           PushInt8                   value:100, dst:r03         [ 100, 31, undefined, undefined, null, undefined |1| ]
[time]           JumpIfNotLessThan          lhs:r02, rhs:r03, address:00002c [ 100, 31, undefined, undefined, null, undefined |1| ]
[time]           Jump                       address:00000a             [ 100, 31, undefined, undefined, null, undefined |1| ]
[time]           IncrementLoopIteration                                [ 100, 31, undefined, undefined, null, undefined |1| ]
[time]           Inc                        src:r02, dst:r02           [ 100, 32, undefined, undefined, null, undefined |1| ]
[time]           PushInt8                   value:100, dst:r03         [ 100, 32, undefined, undefined, null, undefined |1| ]
[time]           JumpIfNotLessThan          lhs:r02, rhs:r03, address:00002c [ 100, 32, undefined, undefined, null, undefined |1| ]
[time]           Jump                       address:00000a             [ 100, 32, undefined, undefined, null, undefined |1| ]
[time]           IncrementLoopIteration                                [ 100, 32, undefined, undefined, null, undefined |1| ]
[time]           Inc                        src:r02, dst:r02           [ 100, 33, undefined, undefined, null, undefined |1| ]
[time]           PushInt8                   value:100, dst:r03         [ 100, 33, undefined, undefined, null, undefined |1| ]
[time]           JumpIfNotLessThan          lhs:r02, rhs:r03, address:00002c [ 100, 33, undefined, undefined, null, undefined |1| ]
[time]           Jump                       address:00000a             [ 100, 33, undefined, undefined, null, undefined |1| ]
[time]           IncrementLoopIteration                                [ 100, 33, undefined, undefined, null, undefined |1| ]
[time]           Inc                        src:r02, dst:r02           [ 100, 34, undefined, undefined, null, undefined |1| ]
[time]           PushInt8                   value:100, dst:r03         [ 100, 34, undefined, undefined, null, undefined |1| ]
[time]           JumpIfNotLessThan          lhs:r02, rhs:r03, address:00002c [ 100, 34, undefined, undefined, null, undefined |1| ]
[time]           Jump                       address:00000a             [ 100, 34, undefined, undefined, null, undefined |1| ]
[time]           IncrementLoopIteration                                [ 100, 34, undefined, undefined, null, undefined |1| ]
[time]           Inc                        src:r02, dst:r02           [ 100, 35, undefined, undefined, null, undefined |1| ]
[time]           PushInt8                   value:100, dst:r03         [ 100, 35, undefined, undefined, null, undefined |1| ]
[time]           JumpIfNotLessThan          lhs:r02, rhs:r03, address:00002c [ 100, 35, undefined, undefined, null, undefined |1| ]
[time]           Jump                       address:00000a             [ 100, 35, undefined, undefined, null, undefined |1| ]
[time]           IncrementLoopIteration                                [ 100, 35, undefined, undefined, null, undefined |1| ]
[time]           Inc                        src:r02, dst:r02           [ 100, 36, undefined, undefined, null, undefined |1| ]
[time]           PushInt8                   value:100, dst:r03         [ 100, 36, undefined, undefined, null, undefined |1| ]
[time]           JumpIfNotLessThan          lhs:r02, rhs:r03, address:00002c [ 100, 36, undefined, undefined, null, undefined |1| ]
[time]           Jump                       address:00000a             [ 100, 36, undefined, undefined, null, undefined |1| ]
[time]           IncrementLoopIteration                                [ 100, 36, undefined, undefined, null, undefined |1| ]
[time]           Inc                        src:r02, dst:r02           [ 100, 37, undefined, undefined, null, undefined |1| ]
[time]           PushInt8                   value:100, dst:r03         [ 100, 37, undefined, undefined, null, undefined |1| ]
[time]           JumpIfNotLessThan          lhs:r02, rhs:r03, address:00002c [ 100, 37, undefined, undefined, null, undefined |1| ]
[time]           Jump                       address:00000a             [ 100, 37, undefined, undefined, null, undefined |1| ]
[time]           IncrementLoopIteration                                [ 100, 37, undefined, undefined, null, undefined |1| ]
[time]           Inc                        src:r02, dst:r02           [ 100, 38, undefined, undefined, null, undefined |1| ]
[time]           PushInt8                   value:100, dst:r03         [ 100, 38, undefined, undefined, null, undefined |1| ]
[time]           JumpIfNotLessThan          lhs:r02, rhs:r03, address:00002c [ 100, 38, undefined, undefined, null, undefined |1| ]
[time]           Jump                       address:00000a             [ 100, 38, undefined, undefined, null, undefined |1| ]
[time]           IncrementLoopIteration                                [ 100, 38, undefined, undefined, null, undefined |1| ]
[time]           Inc                        src:r02, dst:r02           [ 100, 39, undefined, undefined, null, undefined |1| ]
[time]           PushInt8                   value:100, dst:r03         [ 100, 39, undefined, undefined, null, undefined |1| ]
[time]           JumpIfNotLessThan          lhs:r02, rhs:r03, address:00002c [ 100, 39, undefined, undefined, null, undefined |1| ]
[time]           Jump                       address:00000a             [ 100, 39, undefined, undefined, null, undefined |1| ]
[time]           IncrementLoopIteration                                [ 100, 39, undefined, undefined, null, undefined |1| ]
[time]           Inc                        src:r02, dst:r02           [ 100, 40, undefined, undefined, null, undefined |1| ]
[time]           PushInt8                   value:100, dst:r03         [ 100, 40, undefined, undefined, null, undefined |1| ]
[time]           JumpIfNotLessThan          lhs:r02, rhs:r03, address:00002c [ 100, 40, undefined, undefined, null, undefined |1| ]
[time]           Jump                       address:00000a             [ 100, 40, undefined, undefined, null, undefined |1| ]
[time]           IncrementLoopIteration                                [ 100, 40, undefined, undefined, null, undefined |1| ]
[time]           Inc                        src:r02, dst:r02           [ 100, 41, undefined, undefined, null, undefined |1| ]
[time]           PushInt8                   value:100, dst:r03         [ 100, 41, undefined, undefined, null, undefined |1| ]
[time]           JumpIfNotLessThan          lhs:r02, rhs:r03, address:00002c [ 100, 41, undefined, undefined, null, undefined |1| ]
[time]           Jump                       address:00000a             [ 100, 41, undefined, undefined, null, undefined |1| ]
[time]           IncrementLoopIteration                                [ 100, 41, undefined, undefined, null, undefined |1| ]
[time]           Inc                        src:r02, dst:r02           [ 100, 42, undefined, undefined, null, undefined |1| ]
[time]           PushInt8                   value:100, dst:r03         [ 100, 42, undefined, undefined, null, undefined |1| ]
[time]           JumpIfNotLessThan          lhs:r02, rhs:r03, address:00002c [ 100, 42, undefined, undefined, null, undefined |1| ]
[time]           Jump                       address:00000a             [ 100, 42, undefined, undefined, null, undefined |1| ]
[time]           IncrementLoopIteration                                [ 100, 42, undefined, undefined, null, undefined |1| ]
[time]           Inc                        src:r02, dst:r02           [ 100, 43, undefined, undefined, null, undefined |1| ]
[time]           PushInt8                   value:100, dst:r03         [ 100, 43, undefined, undefined, null, undefined |1| ]
[time]           JumpIfNotLessThan          lhs:r02, rhs:r03, address:00002c [ 100, 43, undefined, undefined, null, undefined |1| ]
[time]           Jump                       address:00000a             [ 100, 43, undefined, undefined, null, undefined |1| ]
[time]           IncrementLoopIteration                                [ 100, 43, undefined, undefined, null, undefined |1| ]
[time]           Inc                        src:r02, dst:r02           [ 100, 44, undefined, undefined, null, undefined |1| ]
[time]           PushInt8                   value:100, dst:r03         [ 100, 44, undefined, undefined, null, undefined |1| ]
[time]           JumpIfNotLessThan          lhs:r02, rhs:r03, address:00002c [ 100, 44, undefined, undefined, null, undefined |1| ]
[time]           Jump                       address:00000a             [ 100, 44, undefined, undefined, null, undefined |1| ]
[time]           IncrementLoopIteration                                [ 100, 44, undefined, undefined, null, undefined |1| ]
[time]           Inc                        src:r02, dst:r02           [ 100, 45, undefined, undefined, null, undefined |1| ]
[time]           PushInt8                   value:100, dst:r03         [ 100, 45, undefined, undefined, null, undefined |1| ]
[time]           JumpIfNotLessThan          lhs:r02, rhs:r03, address:00002c [ 100, 45, undefined, undefined, null, undefined |1| ]
[time]           Jump                       address:00000a             [ 100, 45, undefined, undefined, null, undefined |1| ]
[time]           IncrementLoopIteration                                [ 100, 45, undefined, undefined, null, undefined |1| ]
[time]           Inc                        src:r02, dst:r02           [ 100, 46, undefined, undefined, null, undefined |1| ]
[time]           PushInt8                   value:100, dst:r03         [ 100, 46, undefined, undefined, null, undefined |1| ]
[time]           JumpIfNotLessThan          lhs:r02, rhs:r03, address:00002c [ 100, 46, undefined, undefined, null, undefined |1| ]
[time]           Jump                       address:00000a             [ 100, 46, undefined, undefined, null, undefined |1| ]
[time]           IncrementLoopIteration                                [ 100, 46, undefined, undefined, null, undefined |1| ]
[time]           Inc                        src:r02, dst:r02           [ 100, 47, undefined, undefined, null, undefined |1| ]
[time]           PushInt8                   value:100, dst:r03         [ 100, 47, undefined, undefined, null, undefined |1| ]
[time]           JumpIfNotLessThan          lhs:r02, rhs:r03, address:00002c [ 100, 47, undefined, undefined, null, undefined |1| ]
[time]           Jump                       address:00000a             [ 100, 47, undefined, undefined, null, undefined |1| ]
[time]           IncrementLoopIteration                                [ 100, 47, undefined, undefined, null, undefined |1| ]
[time]           Inc                        src:r02, dst:r02           [ 100, 48, undefined, undefined, null, undefined |1| ]
[time]           PushInt8                   value:100, dst:r03         [ 100, 48, undefined, undefined, null, undefined |1| ]
[time]           JumpIfNotLessThan          lhs:r02, rhs:r03, address:00002c [ 100, 48, undefined, undefined, null, undefined |1| ]
[time]           Jump                       address:00000a             [ 100, 48, undefined, undefined, null, undefined |1| ]
[time]           IncrementLoopIteration                                [ 100, 48, undefined, undefined, null, undefined |1| ]
[time]           Inc                        src:r02, dst:r02           [ 100, 49, undefined, undefined, null, undefined |1| ]
[time]           PushInt8                   value:100, dst:r03         [ 100, 49, undefined, undefined, null, undefined |1| ]
[time]           JumpIfNotLessThan          lhs:r02, rhs:r03, address:00002c [ 100, 49, undefined, undefined, null, undefined |1| ]
[time]           Jump                       address:00000a             [ 100, 49, undefined, undefined, null, undefined |1| ]
[time]           IncrementLoopIteration                                [ 100, 49, undefined, undefined, null, undefined |1| ]
[time]           Inc                        src:r02, dst:r02           [ 100, 50, undefined, undefined, null, undefined |1| ]
[time]           PushInt8                   value:100, dst:r03         [ 100, 50, undefined, undefined, null, undefined |1| ]
[time]           JumpIfNotLessThan          lhs:r02, rhs:r03, address:00002c [ 100, 50, undefined, undefined, null, undefined |1| ]
[time]           Jump                       address:00000a             [ 100, 50, undefined, undefined, null, undefined |1| ]
[time]           IncrementLoopIteration                                [ 100, 50, undefined, undefined, null, undefined |1| ]
[time]           Inc                        src:r02, dst:r02           [ 100, 51, undefined, undefined, null, undefined |1| ]
[time]           PushInt8                   value:100, dst:r03         [ 100, 51, undefined, undefined, null, undefined |1| ]
[time]           JumpIfNotLessThan          lhs:r02, rhs:r03, address:00002c [ 100, 51, undefined, undefined, null, undefined |1| ]
[time]           Jump                       address:00000a             [ 100, 51, undefined, undefined, null, undefined |1| ]
[time]           IncrementLoopIteration                                [ 100, 51, undefined, undefined, null, undefined |1| ]
[time]           Inc                        src:r02, dst:r02           [ 100, 52, undefined, undefined, null, undefined |1| ]
[time]           PushInt8                   value:100, dst:r03         [ 100, 52, undefined, undefined, null, undefined |1| ]
[time]           JumpIfNotLessThan          lhs:r02, rhs:r03, address:00002c [ 100, 52, undefined, undefined, null, undefined |1| ]
[time]           Jump                       address:00000a             [ 100, 52, undefined, undefined, null, undefined |1| ]
[time]           IncrementLoopIteration                                [ 100, 52, undefined, undefined, null, undefined |1| ]
[time]           Inc                        src:r02, dst:r02           [ 100, 53, undefined, undefined, null, undefined |1| ]
[time]           PushInt8                   value:100, dst:r03         [ 100, 53, undefined, undefined, null, undefined |1| ]
[time]           JumpIfNotLessThan          lhs:r02, rhs:r03, address:00002c [ 100, 53, undefined, undefined, null, undefined |1| ]
[time]           Jump                       address:00000a             [ 100, 53, undefined, undefined, null, undefined |1| ]
[time]           IncrementLoopIteration                                [ 100, 53, undefined, undefined, null, undefined |1| ]
[time]           Inc                        src:r02, dst:r02           [ 100, 54, undefined, undefined, null, undefined |1| ]
[time]           PushInt8                   value:100, dst:r03         [ 100, 54, undefined, undefined, null, undefined |1| ]
[time]           JumpIfNotLessThan          lhs:r02, rhs:r03, address:00002c [ 100, 54, undefined, undefined, null, undefined |1| ]
[time]           Jump                       address:00000a             [ 100, 54, undefined, undefined, null, undefined |1| ]
[time]           IncrementLoopIteration                                [ 100, 54, undefined, undefined, null, undefined |1| ]
[time]           Inc                        src:r02, dst:r02           [ 100, 55, undefined, undefined, null, undefined |1| ]
[time]           PushInt8                   value:100, dst:r03         [ 100, 55, undefined, undefined, null, undefined |1| ]
[time]           JumpIfNotLessThan          lhs:r02, rhs:r03, address:00002c [ 100, 55, undefined, undefined, null, undefined |1| ]
[time]           Jump                       address:00000a             [ 100, 55, undefined, undefined, null, undefined |1| ]
[time]           IncrementLoopIteration                                [ 100, 55, undefined, undefined, null, undefined |1| ]
[time]           Inc                        src:r02, dst:r02           [ 100, 56, undefined, undefined, null, undefined |1| ]
[time]           PushInt8                   value:100, dst:r03         [ 100, 56, undefined, undefined, null, undefined |1| ]
[time]           JumpIfNotLessThan          lhs:r02, rhs:r03, address:00002c [ 100, 56, undefined, undefined, null, undefined |1| ]
[time]           Jump                       address:00000a             [ 100, 56, undefined, undefined, null, undefined |1| ]
[time]           IncrementLoopIteration                                [ 100, 56, undefined, undefined, null, undefined |1| ]
[time]           Inc                        src:r02, dst:r02           [ 100, 57, undefined, undefined, null, undefined |1| ]
[time]           PushInt8                   value:100, dst:r03         [ 100, 57, undefined, undefined, null, undefined |1| ]
[time]           JumpIfNotLessThan          lhs:r02, rhs:r03, address:00002c [ 100, 57, undefined, undefined, null, undefined |1| ]
[time]           Jump                       address:00000a             [ 100, 57, undefined, undefined, null, undefined |1| ]
[time]           IncrementLoopIteration                                [ 100, 57, undefined, undefined, null, undefined |1| ]
[time]           Inc                        src:r02, dst:r02           [ 100, 58, undefined, undefined, null, undefined |1| ]
[time]           PushInt8                   value:100, dst:r03         [ 100, 58, undefined, undefined, null, undefined |1| ]
[time]           JumpIfNotLessThan          lhs:r02, rhs:r03, address:00002c [ 100, 58, undefined, undefined, null, undefined |1| ]
[time]           Jump                       address:00000a             [ 100, 58, undefined, undefined, null, undefined |1| ]
[time]           IncrementLoopIteration                                [ 100, 58, undefined, undefined, null, undefined |1| ]
[time]           Inc                        src:r02, dst:r02           [ 100, 59, undefined, undefined, null, undefined |1| ]
[time]           PushInt8                   value:100, dst:r03         [ 100, 59, undefined, undefined, null, undefined |1| ]
[time]           JumpIfNotLessThan          lhs:r02, rhs:r03, address:00002c [ 100, 59, undefined, undefined, null, undefined |1| ]
[time]           Jump                       address:00000a             [ 100, 59, undefined, undefined, null, undefined |1| ]
[time]           IncrementLoopIteration                                [ 100, 59, undefined, undefined, null, undefined |1| ]
[time]           Inc                        src:r02, dst:r02           [ 100, 60, undefined, undefined, null, undefined |1| ]
[time]           PushInt8                   value:100, dst:r03         [ 100, 60, undefined, undefined, null, undefined |1| ]
[time]           JumpIfNotLessThan          lhs:r02, rhs:r03, address:00002c [ 100, 60, undefined, undefined, null, undefined |1| ]
[time]           Jump                       address:00000a             [ 100, 60, undefined, undefined, null, undefined |1| ]
[time]           IncrementLoopIteration                                [ 100, 60, undefined, undefined, null, undefined |1| ]
[time]           Inc                        src:r02, dst:r02           [ 100, 61, undefined, undefined, null, undefined |1| ]
[time]           PushInt8                   value:100, dst:r03         [ 100, 61, undefined, undefined, null, undefined |1| ]
[time]           JumpIfNotLessThan          lhs:r02, rhs:r03, address:00002c [ 100, 61, undefined, undefined, null, undefined |1| ]
[time]           Jump                       address:00000a             [ 100, 61, undefined, undefined, null, undefined |1| ]
[time]           IncrementLoopIteration                                [ 100, 61, undefined, undefined, null, undefined |1| ]
[time]           Inc                        src:r02, dst:r02           [ 100, 62, undefined, undefined, null, undefined |1| ]
[time]           PushInt8                   value:100, dst:r03         [ 100, 62, undefined, undefined, null, undefined |1| ]
[time]           JumpIfNotLessThan          lhs:r02, rhs:r03, address:00002c [ 100, 62, undefined, undefined, null, undefined |1| ]
[time]           Jump                       address:00000a             [ 100, 62, undefined, undefined, null, undefined |1| ]
[time]           IncrementLoopIteration                                [ 100, 62, undefined, undefined, null, undefined |1| ]
[time]           Inc                        src:r02, dst:r02           [ 100, 63, undefined, undefined, null, undefined |1| ]
[time]           PushInt8                   value:100, dst:r03         [ 100, 63, undefined, undefined, null, undefined |1| ]
[time]           JumpIfNotLessThan          lhs:r02, rhs:r03, address:00002c [ 100, 63, undefined, undefined, null, undefined |1| ]
[time]           Jump                       address:00000a             [ 100, 63, undefined, undefined, null, undefined |1| ]
[time]           IncrementLoopIteration                                [ 100, 63, undefined, undefined, null, undefined |1| ]
[time]           Inc                        src:r02, dst:r02           [ 100, 64, undefined, undefined, null, undefined |1| ]
[time]           PushInt8                   value:100, dst:r03         [ 100, 64, undefined, undefined, null, undefined |1| ]
[time]           JumpIfNotLessThan          lhs:r02, rhs:r03, address:00002c [ 100, 64, undefined, undefined, null, undefined |1| ]
[time]           Jump                       address:00000a             [ 100, 64, undefined, undefined, null, undefined |1| ]
[time]           IncrementLoopIteration                                [ 100, 64, undefined, undefined, null, undefined |1| ]
[time]           Inc                        src:r02, dst:r02           [ 100, 65, undefined, undefined, null, undefined |1| ]
[time]           PushInt8                   value:100, dst:r03         [ 100, 65, undefined, undefined, null, undefined |1| ]
[time]           JumpIfNotLessThan          lhs:r02, rhs:r03, address:00002c [ 100, 65, undefined, undefined, null, undefined |1| ]
[time]           Jump                       address:00000a             [ 100, 65, undefined, undefined, null, undefined |1| ]
[time]           IncrementLoopIteration                                [ 100, 65, undefined, undefined, null, undefined |1| ]
[time]           Inc                        src:r02, dst:r02           [ 100, 66, undefined, undefined, null, undefined |1| ]
[time]           PushInt8                   value:100, dst:r03         [ 100, 66, undefined, undefined, null, undefined |1| ]
[time]           JumpIfNotLessThan          lhs:r02, rhs:r03, address:00002c [ 100, 66, undefined, undefined, null, undefined |1| ]
[time]           Jump                       address:00000a             [ 100, 66, undefined, undefined, null, undefined |1| ]
[time]           IncrementLoopIteration                                [ 100, 66, undefined, undefined, null, undefined |1| ]
[time]           Inc                        src:r02, dst:r02           [ 100, 67, undefined, undefined, null, undefined |1| ]
[time]           PushInt8                   value:100, dst:r03         [ 100, 67, undefined, undefined, null, undefined |1| ]
[time]           JumpIfNotLessThan          lhs:r02, rhs:r03, address:00002c [ 100, 67, undefined, undefined, null, undefined |1| ]
[time]           Jump                       address:00000a             [ 100, 67, undefined, undefined, null, undefined |1| ]
[time]           IncrementLoopIteration                                [ 100, 67, undefined, undefined, null, undefined |1| ]
[time]           Inc                        src:r02, dst:r02           [ 100, 68, undefined, undefined, null, undefined |1| ]
[time]           PushInt8                   value:100, dst:r03         [ 100, 68, undefined, undefined, null, undefined |1| ]
[time]           JumpIfNotLessThan          lhs:r02, rhs:r03, address:00002c [ 100, 68, undefined, undefined, null, undefined |1| ]
[time]           Jump                       address:00000a             [ 100, 68, undefined, undefined, null, undefined |1| ]
[time]           IncrementLoopIteration                                [ 100, 68, undefined, undefined, null, undefined |1| ]
[time]           Inc                        src:r02, dst:r02           [ 100, 69, undefined, undefined, null, undefined |1| ]
[time]           PushInt8                   value:100, dst:r03         [ 100, 69, undefined, undefined, null, undefined |1| ]
[time]           JumpIfNotLessThan          lhs:r02, rhs:r03, address:00002c [ 100, 69, undefined, undefined, null, undefined |1| ]
[time]           Jump                       address:00000a             [ 100, 69, undefined, undefined, null, undefined |1| ]
[time]           IncrementLoopIteration                                [ 100, 69, undefined, undefined, null, undefined |1| ]
[time]           Inc                        src:r02, dst:r02           [ 100, 70, undefined, undefined, null, undefined |1| ]
[time]           PushInt8                   value:100, dst:r03         [ 100, 70, undefined, undefined, null, undefined |1| ]
[time]           JumpIfNotLessThan          lhs:r02, rhs:r03, address:00002c [ 100, 70, undefined, undefined, null, undefined |1| ]
[time]           Jump                       address:00000a             [ 100, 70, undefined, undefined, null, undefined |1| ]
[time]           IncrementLoopIteration                                [ 100, 70, undefined, undefined, null, undefined |1| ]
[time]           Inc                        src:r02, dst:r02           [ 100, 71, undefined, undefined, null, undefined |1| ]
[time]           PushInt8                   value:100, dst:r03         [ 100, 71, undefined, undefined, null, undefined |1| ]
[time]           JumpIfNotLessThan          lhs:r02, rhs:r03, address:00002c [ 100, 71, undefined, undefined, null, undefined |1| ]
[time]           Jump                       address:00000a             [ 100, 71, undefined, undefined, null, undefined |1| ]
[time]           IncrementLoopIteration                                [ 100, 71, undefined, undefined, null, undefined |1| ]
[time]           Inc                        src:r02, dst:r02           [ 100, 72, undefined, undefined, null, undefined |1| ]
[time]           PushInt8                   value:100, dst:r03         [ 100, 72, undefined, undefined, null, undefined |1| ]
[time]           JumpIfNotLessThan          lhs:r02, rhs:r03, address:00002c [ 100, 72, undefined, undefined, null, undefined |1| ]
[time]           Jump                       address:00000a             [ 100, 72, undefined, undefined, null, undefined |1| ]
[time]           IncrementLoopIteration                                [ 100, 72, undefined, undefined, null, undefined |1| ]
[time]           Inc                        src:r02, dst:r02           [ 100, 73, undefined, undefined, null, undefined |1| ]
[time]           PushInt8                   value:100, dst:r03         [ 100, 73, undefined, undefined, null, undefined |1| ]
[time]           JumpIfNotLessThan          lhs:r02, rhs:r03, address:00002c [ 100, 73, undefined, undefined, null, undefined |1| ]
[time]           Jump                       address:00000a             [ 100, 73, undefined, undefined, null, undefined |1| ]
[time]           IncrementLoopIteration                                [ 100, 73, undefined, undefined, null, undefined |1| ]
[time]           Inc                        src:r02, dst:r02           [ 100, 74, undefined, undefined, null, undefined |1| ]
[time]           PushInt8                   value:100, dst:r03         [ 100, 74, undefined, undefined, null, undefined |1| ]
[time]           JumpIfNotLessThan          lhs:r02, rhs:r03, address:00002c [ 100, 74, undefined, undefined, null, undefined |1| ]
[time]           Jump                       address:00000a             [ 100, 74, undefined, undefined, null, undefined |1| ]
[time]           IncrementLoopIteration                                [ 100, 74, undefined, undefined, null, undefined |1| ]
[time]           Inc                        src:r02, dst:r02           [ 100, 75, undefined, undefined, null, undefined |1| ]
[time]           PushInt8                   value:100, dst:r03         [ 100, 75, undefined, undefined, null, undefined |1| ]
[time]           JumpIfNotLessThan          lhs:r02, rhs:r03, address:00002c [ 100, 75, undefined, undefined, null, undefined |1| ]
[time]           Jump                       address:00000a             [ 100, 75, undefined, undefined, null, undefined |1| ]
[time]           IncrementLoopIteration                                [ 100, 75, undefined, undefined, null, undefined |1| ]
[time]           Inc                        src:r02, dst:r02           [ 100, 76, undefined, undefined, null, undefined |1| ]
[time]           PushInt8                   value:100, dst:r03         [ 100, 76, undefined, undefined, null, undefined |1| ]
[time]           JumpIfNotLessThan          lhs:r02, rhs:r03, address:00002c [ 100, 76, undefined, undefined, null, undefined |1| ]
[time]           Jump                       address:00000a             [ 100, 76, undefined, undefined, null, undefined |1| ]
[time]           IncrementLoopIteration                                [ 100, 76, undefined, undefined, null, undefined |1| ]
[time]           Inc                        src:r02, dst:r02           [ 100, 77, undefined, undefined, null, undefined |1| ]
[time]           PushInt8                   value:100, dst:r03         [ 100, 77, undefined, undefined, null, undefined |1| ]
[time]           JumpIfNotLessThan          lhs:r02, rhs:r03, address:00002c [ 100, 77, undefined, undefined, null, undefined |1| ]
[time]           Jump                       address:00000a             [ 100, 77, undefined, undefined, null, undefined |1| ]
[time]           IncrementLoopIteration                                [ 100, 77, undefined, undefined, null, undefined |1| ]
[time]           Inc                        src:r02, dst:r02           [ 100, 78, undefined, undefined, null, undefined |1| ]
[time]           PushInt8                   value:100, dst:r03         [ 100, 78, undefined, undefined, null, undefined |1| ]
[time]           JumpIfNotLessThan          lhs:r02, rhs:r03, address:00002c [ 100, 78, undefined, undefined, null, undefined |1| ]
[time]           Jump                       address:00000a             [ 100, 78, undefined, undefined, null, undefined |1| ]
[time]           IncrementLoopIteration                                [ 100, 78, undefined, undefined, null, undefined |1| ]
[time]           Inc                        src:r02, dst:r02           [ 100, 79, undefined, undefined, null, undefined |1| ]
[time]           PushInt8                   value:100, dst:r03         [ 100, 79, undefined, undefined, null, undefined |1| ]
[time]           JumpIfNotLessThan          lhs:r02, rhs:r03, address:00002c [ 100, 79, undefined, undefined, null, undefined |1| ]
[time]           Jump                       address:00000a             [ 100, 79, undefined, undefined, null, undefined |1| ]
[time]           IncrementLoopIteration                                [ 100, 79, undefined, undefined, null, undefined |1| ]
[time]           Inc                        src:r02, dst:r02           [ 100, 80, undefined, undefined, null, undefined |1| ]
[time]           PushInt8                   value:100, dst:r03         [ 100, 80, undefined, undefined, null, undefined |1| ]
[time]           JumpIfNotLessThan          lhs:r02, rhs:r03, address:00002c [ 100, 80, undefined, undefined, null, undefined |1| ]
[time]           Jump                       address:00000a             [ 100, 80, undefined, undefined, null, undefined |1| ]
[time]           IncrementLoopIteration                                [ 100, 80, undefined, undefined, null, undefined |1| ]
[time]           Inc                        src:r02, dst:r02           [ 100, 81, undefined, undefined, null, undefined |1| ]
[time]           PushInt8                   value:100, dst:r03         [ 100, 81, undefined, undefined, null, undefined |1| ]
[time]           JumpIfNotLessThan          lhs:r02, rhs:r03, address:00002c [ 100, 81, undefined, undefined, null, undefined |1| ]
[time]           Jump                       address:00000a             [ 100, 81, undefined, undefined, null, undefined |1| ]
[time]           IncrementLoopIteration                                [ 100, 81, undefined, undefined, null, undefined |1| ]
[time]           Inc                        src:r02, dst:r02           [ 100, 82, undefined, undefined, null, undefined |1| ]
[time]           PushInt8                   value:100, dst:r03         [ 100, 82, undefined, undefined, null, undefined |1| ]
[time]           JumpIfNotLessThan          lhs:r02, rhs:r03, address:00002c [ 100, 82, undefined, undefined, null, undefined |1| ]
[time]           Jump                       address:00000a             [ 100, 82, undefined, undefined, null, undefined |1| ]
[time]           IncrementLoopIteration                                [ 100, 82, undefined, undefined, null, undefined |1| ]
[time]           Inc                        src:r02, dst:r02           [ 100, 83, undefined, undefined, null, undefined |1| ]
[time]           PushInt8                   value:100, dst:r03         [ 100, 83, undefined, undefined, null, undefined |1| ]
[time]           JumpIfNotLessThan          lhs:r02, rhs:r03, address:00002c [ 100, 83, undefined, undefined, null, undefined |1| ]
[time]           Jump                       address:00000a             [ 100, 83, undefined, undefined, null, undefined |1| ]
[time]           IncrementLoopIteration                                [ 100, 83, undefined, undefined, null, undefined |1| ]
[time]           Inc                        src:r02, dst:r02           [ 100, 84, undefined, undefined, null, undefined |1| ]
[time]           PushInt8                   value:100, dst:r03         [ 100, 84, undefined, undefined, null, undefined |1| ]
[time]           JumpIfNotLessThan          lhs:r02, rhs:r03, address:00002c [ 100, 84, undefined, undefined, null, undefined |1| ]
[time]           Jump                       address:00000a             [ 100, 84, undefined, undefined, null, undefined |1| ]
[time]           IncrementLoopIteration                                [ 100, 84, undefined, undefined, null, undefined |1| ]
[time]           Inc                        src:r02, dst:r02           [ 100, 85, undefined, undefined, null, undefined |1| ]
[time]           PushInt8                   value:100, dst:r03         [ 100, 85, undefined, undefined, null, undefined |1| ]
[time]           JumpIfNotLessThan          lhs:r02, rhs:r03, address:00002c [ 100, 85, undefined, undefined, null, undefined |1| ]
[time]           Jump                       address:00000a             [ 100, 85, undefined, undefined, null, undefined |1| ]
[time]           IncrementLoopIteration                                [ 100, 85, undefined, undefined, null, undefined |1| ]
[time]           Inc                        src:r02, dst:r02           [ 100, 86, undefined, undefined, null, undefined |1| ]
[time]           PushInt8                   value:100, dst:r03         [ 100, 86, undefined, undefined, null, undefined |1| ]
[time]           JumpIfNotLessThan          lhs:r02, rhs:r03, address:00002c [ 100, 86, undefined, undefined, null, undefined |1| ]
[time]           Jump                       address:00000a             [ 100, 86, undefined, undefined, null, undefined |1| ]
[time]           IncrementLoopIteration                                [ 100, 86, undefined, undefined, null, undefined |1| ]
[time]           Inc                        src:r02, dst:r02           [ 100, 87, undefined, undefined, null, undefined |1| ]
[time]           PushInt8                   value:100, dst:r03         [ 100, 87, undefined, undefined, null, undefined |1| ]
[time]           JumpIfNotLessThan          lhs:r02, rhs:r03, address:00002c [ 100, 87, undefined, undefined, null, undefined |1| ]
[time]           Jump                       address:00000a             [ 100, 87, undefined, undefined, null, undefined |1| ]
[time]           IncrementLoopIteration                                [ 100, 87, undefined, undefined, null, undefined |1| ]
[time]           Inc                        src:r02, dst:r02           [ 100, 88, undefined, undefined, null, undefined |1| ]
[time]           PushInt8                   value:100, dst:r03         [ 100, 88, undefined, undefined, null, undefined |1| ]
[time]           JumpIfNotLessThan          lhs:r02, rhs:r03, address:00002c [ 100, 88, undefined, undefined, null, undefined |1| ]
[time]           Jump                       address:00000a             [ 100, 88, undefined, undefined, null, undefined |1| ]
[time]           IncrementLoopIteration                                [ 100, 88, undefined, undefined, null, undefined |1| ]
[time]           Inc                        src:r02, dst:r02           [ 100, 89, undefined, undefined, null, undefined |1| ]
[time]           PushInt8                   value:100, dst:r03         [ 100, 89, undefined, undefined, null, undefined |1| ]
[time]           JumpIfNotLessThan          lhs:r02, rhs:r03, address:00002c [ 100, 89, undefined, undefined, null, undefined |1| ]
[time]           Jump                       address:00000a             [ 100, 89, undefined, undefined, null, undefined |1| ]
[time]           IncrementLoopIteration                                [ 100, 89, undefined, undefined, null, undefined |1| ]
[time]           Inc                        src:r02, dst:r02           [ 100, 90, undefined, undefined, null, undefined |1| ]
[time]           PushInt8                   value:100, dst:r03         [ 100, 90, undefined, undefined, null, undefined |1| ]
[time]           JumpIfNotLessThan          lhs:r02, rhs:r03, address:00002c [ 100, 90, undefined, undefined, null, undefined |1| ]
[time]           Jump                       address:00000a             [ 100, 90, undefined, undefined, null, undefined |1| ]
[time]           IncrementLoopIteration                                [ 100, 90, undefined, undefined, null, undefined |1| ]
[time]           Inc                        src:r02, dst:r02           [ 100, 91, undefined, undefined, null, undefined |1| ]
[time]           PushInt8                   value:100, dst:r03         [ 100, 91, undefined, undefined, null, undefined |1| ]
[time]           JumpIfNotLessThan          lhs:r02, rhs:r03, address:00002c [ 100, 91, undefined, undefined, null, undefined |1| ]
[time]           Jump                       address:00000a             [ 100, 91, undefined, undefined, null, undefined |1| ]
[time]           IncrementLoopIteration                                [ 100, 91, undefined, undefined, null, undefined |1| ]
[time]           Inc                        src:r02, dst:r02           [ 100, 92, undefined, undefined, null, undefined |1| ]
[time]           PushInt8                   value:100, dst:r03         [ 100, 92, undefined, undefined, null, undefined |1| ]
[time]           JumpIfNotLessThan          lhs:r02, rhs:r03, address:00002c [ 100, 92, undefined, undefined, null, undefined |1| ]
[time]           Jump                       address:00000a             [ 100, 92, undefined, undefined, null, undefined |1| ]
[time]           IncrementLoopIteration                                [ 100, 92, undefined, undefined, null, undefined |1| ]
[time]           Inc                        src:r02, dst:r02           [ 100, 93, undefined, undefined, null, undefined |1| ]
[time]           PushInt8                   value:100, dst:r03         [ 100, 93, undefined, undefined, null, undefined |1| ]
[time]           JumpIfNotLessThan          lhs:r02, rhs:r03, address:00002c [ 100, 93, undefined, undefined, null, undefined |1| ]
[time]           Jump                       address:00000a             [ 100, 93, undefined, undefined, null, undefined |1| ]
[time]           IncrementLoopIteration                                [ 100, 93, undefined, undefined, null, undefined |1| ]
[time]           Inc                        src:r02, dst:r02           [ 100, 94, undefined, undefined, null, undefined |1| ]
[time]           PushInt8                   value:100, dst:r03         [ 100, 94, undefined, undefined, null, undefined |1| ]
[time]           JumpIfNotLessThan          lhs:r02, rhs:r03, address:00002c [ 100, 94, undefined, undefined, null, undefined |1| ]
[time]           Jump                       address:00000a             [ 100, 94, undefined, undefined, null, undefined |1| ]
[time]           IncrementLoopIteration                                [ 100, 94, undefined, undefined, null, undefined |1| ]
[time]           Inc                        src:r02, dst:r02           [ 100, 95, undefined, undefined, null, undefined |1| ]
[time]           PushInt8                   value:100, dst:r03         [ 100, 95, undefined, undefined, null, undefined |1| ]
[time]           JumpIfNotLessThan          lhs:r02, rhs:r03, address:00002c [ 100, 95, undefined, undefined, null, undefined |1| ]
[time]           Jump                       address:00000a             [ 100, 95, undefined, undefined, null, undefined |1| ]
[time]           IncrementLoopIteration                                [ 100, 95, undefined, undefined, null, undefined |1| ]
[time]           Inc                        src:r02, dst:r02           [ 100, 96, undefined, undefined, null, undefined |1| ]
[time]           PushInt8                   value:100, dst:r03         [ 100, 96, undefined, undefined, null, undefined |1| ]
[time]           JumpIfNotLessThan          lhs:r02, rhs:r03, address:00002c [ 100, 96, undefined, undefined, null, undefined |1| ]
[time]           Jump                       address:00000a             [ 100, 96, undefined, undefined, null, undefined |1| ]
[time]           IncrementLoopIteration                                [ 100, 96, undefined, undefined, null, undefined |1| ]
[time]           Inc                        src:r02, dst:r02           [ 100, 97, undefined, undefined, null, undefined |1| ]
[time]           PushInt8                   value:100, dst:r03         [ 100, 97, undefined, undefined, null, undefined |1| ]
[time]           JumpIfNotLessThan          lhs:r02, rhs:r03, address:00002c [ 100, 97, undefined, undefined, null, undefined |1| ]
[time]           Jump                       address:00000a             [ 100, 97, undefined, undefined, null, undefined |1| ]
[time]           IncrementLoopIteration                                [ 100, 97, undefined, undefined, null, undefined |1| ]
[time]           Inc                        src:r02, dst:r02           [ 100, 98, undefined, undefined, null, undefined |1| ]
[time]           PushInt8                   value:100, dst:r03         [ 100, 98, undefined, undefined, null, undefined |1| ]
[time]           JumpIfNotLessThan          lhs:r02, rhs:r03, address:00002c [ 100, 98, undefined, undefined, null, undefined |1| ]
[time]           Jump                       address:00000a             [ 100, 98, undefined, undefined, null, undefined |1| ]
[time]           IncrementLoopIteration                                [ 100, 98, undefined, undefined, null, undefined |1| ]
[time]           Inc                        src:r02, dst:r02           [ 100, 99, undefined, undefined, null, undefined |1| ]
[time]           PushInt8                   value:100, dst:r03         [ 100, 99, undefined, undefined, null, undefined |1| ]
[time]           JumpIfNotLessThan          lhs:r02, rhs:r03, address:00002c [ 100, 99, undefined, undefined, null, undefined |1| ]
[time]           Jump                       address:00000a             [ 100, 99, undefined, undefined, null, undefined |1| ]
[time]           IncrementLoopIteration                                [ 100, 99, undefined, undefined, null, undefined |1| ]
[time]           Inc                        src:r02, dst:r02           [ 100, 100, undefined, undefined, null, undefined |1| ]
[time]           PushInt8                   value:100, dst:r03         [ 100, 100, undefined, undefined, null, undefined |1| ]
[time]           JumpIfNotLessThan          lhs:r02, rhs:r03, address:00002c [ 100, 100, undefined, undefined, null, undefined |1| ]
[time]           CheckReturn                                           [ 100, 100, undefined, undefined, null, undefined |1| ]

[time]           Return                                                [ ]
undefined
