---
source: tests/insta-bytecode/src/lib.rs
expression: "*trace_sink.borrow()"
input_file: tests/insta-bytecode/scripts/loop-hoisting.js
---
-------------------------- Compiled Output: '<main>' ---------------------------
Location     Handler      Opcode                            Operands
  000000                    StoreZero                         dst:r02
  000005                    StoreInt8                         value:100, dst:r03
  00000b                    Jump                              address:000019
  000010                    Inc                               src:r02, dst:r02
  000019                    JumpIfNotLessThan                 lhs:r02, rhs:r03, address:00002c
  000026                    IncrementLoopIteration            
  000027                    Jump                              address:000010
  00002c                    StoreInt8                         value:100, dst:r03
  000032                    PutLexicalValue                   src:r03, binding_index:0
  00003b                    Move                              src:r03, dst:r04
  000044                    StoreZero                         dst:r05
  000049                    Jump                              address:000057
  00004e                    Inc                               src:r05, dst:r05
  000057                    JumpIfNotLessThan                 lhs:r05, rhs:r04, address:00006a
  000064                    IncrementLoopIteration            
  000065                    Jump                              address:00004e
  00006a                    StoreInt8                         value:100, dst:r06
  000070                    PutLexicalValue                   src:r06, binding_index:1
  000079                    Move                              src:r06, dst:r07
  000082                    PushFromRegister                  src:r00
  000087                    GetNameGlobal                     dst:r06, binding_index:2, ic_index:0
  000094                    PushFromRegister                  src:r06
  000099                    Call                              argument_count:0
  00009e                    Pop                               
  00009f                    StoreInt8                         value:100, dst:r06
  0000a5                    PutLexicalValue                   src:r06, binding_index:3
  0000ae                    PushFromRegister                  src:r00
  0000b3                    GetNameGlobal                     dst:r08, binding_index:4, ic_index:1
  0000c0                    PushFromRegister                  src:r08
  0000c5                    Call                              argument_count:0
  0000ca                    PopIntoRegister                   dst:r06
  0000cf                    SetAccumulator                    src:r06
  0000d4                    CheckReturn                       
  0000d5                    Return                            

Register Count: 9, Flags: CodeBlockFlags(HAS_PROTOTYPE_PROPERTY)
Constants:
    0000: [STRING] "n"
    0001: [STRING] "z"
    0002: [STRING] "x"
    0003: [STRING] "bar"
    0004: [FUNCTION] name: 'bar' (length: 0)
    0005: [STRING] "foo"
    0006: [FUNCTION] name: 'foo' (length: 0)
Bindings:
    0000: n, scope: GlobalDeclarative
    0001: z, scope: GlobalDeclarative
    0002: bar, scope: GlobalObject
    0003: x, scope: GlobalDeclarative
    0004: foo, scope: GlobalObject
Handlers: <empty>
Source Map:
    0000: 16..78: (2, 26)
    0001: 78..153: (5, 24)
    0002: 153..197: (14, 4)
    0003: 197..207: (23, 4)

---------------------------- Compiled Output: 'bar' ----------------------------
Location     Handler      Opcode                            Operands
  000000                    StoreZero                         dst:r02
  000005                    GetName                           dst:r03, binding_index:0
  00000e                    Jump                              address:00001c
  000013                    Inc                               src:r02, dst:r02
  00001c                    JumpIfNotLessThan                 lhs:r02, rhs:r03, address:00002f
  000029                    IncrementLoopIteration            
  00002a                    Jump                              address:000013
  00002f                    CheckReturn                       
  000030                    Return                            

Register Count: 5, Flags: CodeBlockFlags(HAS_PROTOTYPE_PROPERTY)
Constants: <empty>
Bindings:
    0000: z, scope: GlobalDeclarative
Handlers: <empty>
Source Map:
    0000: 0..19: (10, 16)
    0001: 19..28: (11, 26)
    0002: 28..47: (10, 16)

---------------------------- Compiled Output: 'foo' ----------------------------
Location     Handler      Opcode                            Operands
  000000                    StoreZero                         dst:r02
  000005                    Jump                              address:000013
  00000a                    Inc                               src:r02, dst:r02
  000013                    GetName                           dst:r03, binding_index:0
  00001c                    JumpIfNotLessThan                 lhs:r02, rhs:r03, address:00002f
  000029                    IncrementLoopIteration            
  00002a                    Jump                              address:00000a
  00002f                    CheckReturn                       
  000030                    Return                            

Register Count: 4, Flags: CodeBlockFlags(HAS_PROTOTYPE_PROPERTY)
Constants: <empty>
Bindings:
    0000: x, scope: GlobalDeclarative
Handlers: <empty>
Source Map:
    0000: 0..10: (19, 16)
    0001: 10..19: (20, 26)
    0002: 19..47: (19, 16)

Evaluation result: undefined
