---
source: tests/insta-bytecode/src/lib.rs
expression: output
input_file: tests/insta-bytecode/scripts/loop-hoisting.js
---
---------------------------Compiled Output: '<main>'----------------------------
Location     Handler      Opcode                            Operands
  000000                    HasRestrictedGlobalProperty       index:0, dst:r01
  000009                    JumpIfFalse                       value:r01, address:000017
  000012                    ThrowNewSyntaxError               message:1
  000017                    HasRestrictedGlobalProperty       index:2, dst:r01
  000020                    JumpIfFalse                       value:r01, address:00002e
  000029                    ThrowNewSyntaxError               message:1
  00002e                    HasRestrictedGlobalProperty       index:3, dst:r01
  000037                    JumpIfFalse                       value:r01, address:000045
  000040                    ThrowNewSyntaxError               message:1
  000045                    CanDeclareGlobalFunction          index:4, dst:r01
  00004e                    JumpIfTrue                        value:r01, address:00005c
  000057                    ThrowNewTypeError                 message:5
  00005c                    CanDeclareGlobalFunction          index:6, dst:r01
  000065                    JumpIfTrue                        value:r01, address:000073
  00006e                    ThrowNewTypeError                 message:5
  000073                    GetFunction                       index:7, dst:r01
  00007c                    CreateGlobalFunctionBinding       src:r01, configurable:0, name_index:6
  000089                    GetFunction                       index:8, dst:r01
  000092                    CreateGlobalFunctionBinding       src:r01, configurable:0, name_index:4
  00009f                    PushZero                          dst:r02
  0000a4                    PushInt8                          value:100, dst:r03
  0000aa                    Jump                              address:0000b9
  0000af                    IncrementLoopIteration            
  0000b0                    Inc                               src:r02, dst:r02
  0000b9                    JumpIfNotLessThan                 lhs:r02, rhs:r03, address:0000cb
  0000c6                    Jump                              address:0000af
  0000cb                    PushInt8                          value:100, dst:r03
  0000d1                    PutLexicalValue                   src:r03, binding_index:0
  0000da                    Move                              src:r03, dst:r04
  0000e3                    PushZero                          dst:r05
  0000e8                    Jump                              address:0000f7
  0000ed                    IncrementLoopIteration            
  0000ee                    Inc                               src:r05, dst:r05
  0000f7                    JumpIfNotLessThan                 lhs:r05, rhs:r04, address:000109
  000104                    Jump                              address:0000ed
  000109                    PushInt8                          value:100, dst:r06
  00010f                    PutLexicalValue                   src:r06, binding_index:1
  000118                    Move                              src:r06, dst:r07
  000121                    PushFromRegister                  src:r00
  000126                    GetNameGlobal                     dst:r06, binding_index:2, ic_index:0
  000133                    PushFromRegister                  src:r06
  000138                    Call                              argument_count:0
  00013d                    Pop                               
  00013e                    PushInt8                          value:100, dst:r06
  000144                    PutLexicalValue                   src:r06, binding_index:3
  00014d                    PushFromRegister                  src:r00
  000152                    GetNameGlobal                     dst:r08, binding_index:4, ic_index:1
  00015f                    PushFromRegister                  src:r08
  000164                    Call                              argument_count:0
  000169                    PopIntoRegister                   dst:r06
  00016e                    SetAccumulator                    src:r06
  000173                    CheckReturn                       
  000174                    Return                            

Register Count: 9, Flags: CodeBlockFlags(HAS_PROTOTYPE_PROPERTY)
Constants:
    0000: [STRING] "n"
    0001: [STRING] "cannot redefine non-configurable global property"
    0002: [STRING] "z"
    0003: [STRING] "x"
    0004: [STRING] "foo"
    0005: [STRING] "cannot declare global function"
    0006: [STRING] "bar"
    0007: [FUNCTION] name: 'bar' (length: 0)
    0008: [FUNCTION] name: 'foo' (length: 0)
Bindings:
    0000: n, scope: GlobalDeclarative
    0001: z, scope: GlobalDeclarative
    0002: bar, scope: GlobalObject
    0003: x, scope: GlobalDeclarative
    0004: foo, scope: GlobalObject
Handlers: <empty>
Source Map:
    0000: 176..238: (2, 26)
    0001: 238..312: (5, 24)
    0002: 312..356: (14, 4)
    0003: 356..366: (23, 4)
